[2026-03-06 13:43:35,129][__main__][INFO] - Device: cuda
[2026-03-06 13:43:35,135][__main__][INFO] - --- Evaluating kan model ---
[2026-03-06 13:43:35,768][dinov2][INFO] - using MLP layer as FFN
[2026-03-06 13:43:37,015][__main__][INFO] - Gate caching enabled on decoder up-blocks.
[2026-03-06 13:43:39,728][__main__][INFO] -   [kan] processed 20 batches
[2026-03-06 13:43:41,565][__main__][INFO] -   [kan] processed 40 batches
[2026-03-06 13:43:43,401][__main__][INFO] -   [kan] processed 60 batches
[2026-03-06 13:43:45,246][__main__][INFO] -   [kan] processed 80 batches
[2026-03-06 13:43:47,089][__main__][INFO] -   [kan] processed 100 batches
[2026-03-06 13:43:48,930][__main__][INFO] -   [kan] processed 120 batches
[2026-03-06 13:43:50,770][__main__][INFO] -   [kan] processed 140 batches
[2026-03-06 13:43:52,611][__main__][INFO] -   [kan] processed 160 batches
[2026-03-06 13:43:54,446][__main__][INFO] -   [kan] processed 180 batches
[2026-03-06 13:43:56,288][__main__][INFO] -   [kan] processed 200 batches
[2026-03-06 13:43:58,126][__main__][INFO] -   [kan] processed 220 batches
[2026-03-06 13:43:59,963][__main__][INFO] -   [kan] processed 240 batches
[2026-03-06 13:44:00,021][__main__][INFO] - --- Evaluating xattn model ---
[2026-03-06 13:44:03,898][dinov2][INFO] - using MLP layer as FFN
[2026-03-06 13:44:04,975][__main__][INFO] - Gate caching enabled on decoder up-blocks.
[2026-03-06 13:44:09,014][__main__][INFO] -   [xattn] processed 20 batches
[2026-03-06 13:44:10,671][__main__][INFO] -   [xattn] processed 40 batches
[2026-03-06 13:44:12,338][__main__][INFO] -   [xattn] processed 60 batches
[2026-03-06 13:44:14,011][__main__][INFO] -   [xattn] processed 80 batches
[2026-03-06 13:44:15,680][__main__][INFO] -   [xattn] processed 100 batches
[2026-03-06 13:44:17,350][__main__][INFO] -   [xattn] processed 120 batches
[2026-03-06 13:44:19,014][__main__][INFO] -   [xattn] processed 140 batches
[2026-03-06 13:44:20,680][__main__][INFO] -   [xattn] processed 160 batches
[2026-03-06 13:44:22,346][__main__][INFO] -   [xattn] processed 180 batches
[2026-03-06 13:44:24,010][__main__][INFO] -   [xattn] processed 200 batches
[2026-03-06 13:44:25,675][__main__][INFO] -   [xattn] processed 220 batches
[2026-03-06 13:44:27,335][__main__][INFO] -   [xattn] processed 240 batches
[2026-03-06 13:44:27,452][__main__][INFO] - Saved per-frame IoU CSV to results/exp2/exp2_iou_gate.csv
[2026-03-06 13:44:28,025][__main__][INFO] - Experiment 2 complete.  Results written to: results/exp2
