[rank: 0] Seed set to 42
COMET INFO: Experiment is live on comet.com https://www.comet.com/lstival/video-mamba/54dc84b0c0044da6b8fbbdbb1e51d038

/home/WUR/stiva001/WUR/video_kamba/venv/lib/python3.12/site-packages/lightning/fabric/plugins/environments/slurm.py:204: The `srun` command is available on your system but is not used. HINT: If your intention is to run Lightning on SLURM, prepend your python command with `srun` like so: srun python train.py datamodule=youtubevos trainer.max_epochs=2  ...
Using 16bit Automatic Mixed Precision (AMP)
GPU available: True (cuda), used: True
TPU available: False, using: 0 TPU cores
💡 Tip: For seamless cloud logging and experiment tracking, try installing [litlogger](https://pypi.org/project/litlogger/) to enable LitLogger, which logs metrics and artifacts automatically to the Lightning Experiments platform.
Using cache found in /home/WUR/stiva001/.cache/torch/hub/facebookresearch_dinov2_main
/home/WUR/stiva001/.cache/torch/hub/facebookresearch_dinov2_main/dinov2/layers/swiglu_ffn.py:51: UserWarning: xFormers is not available (SwiGLU)
  warnings.warn("xFormers is not available (SwiGLU)")
/home/WUR/stiva001/.cache/torch/hub/facebookresearch_dinov2_main/dinov2/layers/attention.py:33: UserWarning: xFormers is not available (Attention)
  warnings.warn("xFormers is not available (Attention)")
/home/WUR/stiva001/.cache/torch/hub/facebookresearch_dinov2_main/dinov2/layers/block.py:40: UserWarning: xFormers is not available (Block)
  warnings.warn("xFormers is not available (Block)")
/home/WUR/stiva001/WUR/video_kamba/venv/lib/python3.12/site-packages/lightning/fabric/plugins/environments/slurm.py:204: The `srun` command is available on your system but is not used. HINT: If your intention is to run Lightning on SLURM, prepend your python command with `srun` like so: srun python train.py datamodule=youtubevos trainer.max_epochs=2  ...
💡 Tip: For seamless cloud uploads and versioning, try installing [litmodels](https://pypi.org/project/litmodels/) to enable LitModelCheckpoint, which syncs automatically with the Lightning model registry.
You are using a CUDA device ('NVIDIA L40S') that has Tensor Cores. To properly utilize them, you should set `torch.set_float32_matmul_precision('medium' | 'high')` which will trade-off precision for performance. For more details, read https://pytorch.org/docs/stable/generated/torch.set_float32_matmul_precision.html#torch.set_float32_matmul_precision
LOCAL_RANK: 0 - CUDA_VISIBLE_DEVICES: [0]
/home/WUR/stiva001/WUR/video_kamba/venv/lib/python3.12/site-packages/lightning/pytorch/utilities/model_summary/model_summary.py:242: Precision 16-mixed is not supported by the model summary.  Estimated model size in MB will not be accurate. Using 32 bits instead.
/home/WUR/stiva001/WUR/video_kamba/venv/lib/python3.12/site-packages/lightning/pytorch/utilities/_pytree.py:21: `isinstance(treespec, LeafSpec)` is deprecated, use `isinstance(treespec, TreeSpec) and treespec.is_leaf()` instead.
/home/WUR/stiva001/WUR/video_kamba/venv/lib/python3.12/site-packages/torchmetrics/utilities/prints.py:43: UserWarning: The ``compute`` method of metric DAVISMetric was called before the ``update`` method which may lead to errors, as metric states have not yet been updated.
  warnings.warn(*args, **kwargs)
`Trainer.fit` stopped: `max_epochs=2` reached.
COMET INFO: Uploading 2 metrics, params and output messages
COMET INFO: ---------------------------------------------------------------------------------------
COMET INFO: Comet.ml Experiment Summary
COMET INFO: ---------------------------------------------------------------------------------------
COMET INFO:   Data:
COMET INFO:     display_summary_level : 1
COMET INFO:     name                  : 2026-03-07_21-06-52
COMET INFO:     url                   : https://www.comet.com/lstival/video-mamba/54dc84b0c0044da6b8fbbdbb1e51d038
COMET INFO:   Metrics [count] (min, max):
COMET INFO:     loss [347]               : (6069.13232421875, 147529.03125)
COMET INFO:     train_loss_epoch [2]     : (0.388595312833786, 0.5505849123001099)
COMET INFO:     train_loss_step [69]     : (0.11055900156497955, 1.133584976196289)
COMET INFO:     train_loss_vos_epoch [2] : (0.388595312833786, 0.5505849123001099)
COMET INFO:     train_loss_vos_step [69] : (0.11055900156497955, 1.133584976196289)
COMET INFO:     val_loss [2]             : (0.4670417010784149, 0.5355466604232788)
COMET INFO:     val_loss_vos [2]         : (0.4670417010784149, 0.5355466604232788)
COMET INFO:     val_vos_F [2]            : (0.09464804828166962, 0.19627858698368073)
COMET INFO:     val_vos_J [2]            : (0.035562895238399506, 0.08381975442171097)
COMET INFO:     val_vos_J_and_F [2]      : (0.06510547548532486, 0.14004917442798615)
COMET INFO:   Others:
COMET INFO:     Name : 2026-03-07_21-06-52
COMET INFO:   Parameters:
COMET INFO:     augment_train           : True
COMET INFO:     batch_size              : 2
COMET INFO:     compress_skip           : False
COMET INFO:     consistency_weight      : 0.0
COMET INFO:     data_dir                : /home/WUR/stiva001/WUR/video_kamba/data/YouTubeVOS
COMET INFO:     dataset_type            : youtubevos
COMET INFO:     dim_in                  : 768
COMET INFO:     dim_out                 : 256
COMET INFO:     fusion_mode             : kan_spatial
COMET INFO:     identity_mode           : add
COMET INFO:     img_size                : 480
COMET INFO:     learning_rate           : 0.0001
COMET INFO:     modulator_type          : kan
COMET INFO:     n_id                    : 10
COMET INFO:     num_boxes               : 10
COMET INFO:     num_clf_classes         : 51
COMET INFO:     num_seg_classes         : 11
COMET INFO:     num_workers             : 4
COMET INFO:     online_context          : False
COMET INFO:     propagation_mode        : soft_mask
COMET INFO:     scheduled_sampling_rate : 0.0
COMET INFO:     seq_len                 : 5
COMET INFO:     ssm_d_state             : 16
COMET INFO:     ssm_layers              : 1
COMET INFO:     target_size             : 224
COMET INFO:     use_checkpointing       : False
COMET INFO:     use_ref_context         : True
COMET INFO:     vos_loss_beta           : 0.5
COMET INFO:   Uploads:
COMET INFO:     environment details      : 1
COMET INFO:     filename                 : 1
COMET INFO:     git metadata             : 1
COMET INFO:     git-patch (uncompressed) : 1 (34.50 KB)
COMET INFO:     installed packages       : 1
COMET INFO:     model graph              : 1
COMET INFO:     os packages              : 1
COMET INFO:     source_code              : 2 (16.74 KB)
COMET INFO: 
